// Jest Snapshot v1, https://goo.gl/fbAQLP

exports[`should render AddEntryButton correctly with isModalOpen false 1`] = `
Object {
  "asFragment": [Function],
  "baseElement": <body>
    <div>
        <div
            class="button-position"
        >
            <button
                class="button--big circular-container"
            >
                <div>
                    <svg
                        aria-hidden="true"
                        focusable="false"
                        data-prefix="fas"
                        data-icon="plus"
                        class="svg-inline--fa fa-plus fa-w-14 fa-2x "
                        role="img"
                        xmlns="http://www.w3.org/2000/svg"
                        viewBox="0 0 448 512"
                    >
                        <path
                            fill="currentColor"
                            d="M416 208H272V64c0-17.67-14.33-32-32-32h-32c-17.67 0-32 14.33-32 32v144H32c-17.67 0-32 14.33-32 32v32c0 17.67 14.33 32 32 32h144v144c0 17.67 14.33 32 32 32h32c17.67 0 32-14.33 32-32V304h144c17.67 0 32-14.33 32-32v-32c0-17.67-14.33-32-32-32z"
                        />
                    </svg>
                </div>
            </button>
        </div>
    </div>
    <div
        class="ReactModalPortal"
    />
</body>,
  "container": <div>
    <div
        class="button-position"
    >
        <button
            class="button--big circular-container"
        >
            <div>
                <svg
                    aria-hidden="true"
                    focusable="false"
                    data-prefix="fas"
                    data-icon="plus"
                    class="svg-inline--fa fa-plus fa-w-14 fa-2x "
                    role="img"
                    xmlns="http://www.w3.org/2000/svg"
                    viewBox="0 0 448 512"
                >
                    <path
                        fill="currentColor"
                        d="M416 208H272V64c0-17.67-14.33-32-32-32h-32c-17.67 0-32 14.33-32 32v144H32c-17.67 0-32 14.33-32 32v32c0 17.67 14.33 32 32 32h144v144c0 17.67 14.33 32 32 32h32c17.67 0 32-14.33 32-32V304h144c17.67 0 32-14.33 32-32v-32c0-17.67-14.33-32-32-32z"
                    />
                </svg>
            </div>
        </button>
    </div>
</div>,
  "debug": [Function],
  "findAllByAltText": [Function],
  "findAllByDisplayValue": [Function],
  "findAllByLabelText": [Function],
  "findAllByPlaceholderText": [Function],
  "findAllByRole": [Function],
  "findAllByTestId": [Function],
  "findAllByText": [Function],
  "findAllByTitle": [Function],
  "findByAltText": [Function],
  "findByDisplayValue": [Function],
  "findByLabelText": [Function],
  "findByPlaceholderText": [Function],
  "findByRole": [Function],
  "findByTestId": [Function],
  "findByText": [Function],
  "findByTitle": [Function],
  "getAllByAltText": [Function],
  "getAllByDisplayValue": [Function],
  "getAllByLabelText": [Function],
  "getAllByPlaceholderText": [Function],
  "getAllByRole": [Function],
  "getAllByTestId": [Function],
  "getAllByText": [Function],
  "getAllByTitle": [Function],
  "getByAltText": [Function],
  "getByDisplayValue": [Function],
  "getByLabelText": [Function],
  "getByPlaceholderText": [Function],
  "getByRole": [Function],
  "getByTestId": [Function],
  "getByText": [Function],
  "getByTitle": [Function],
  "queryAllByAltText": [Function],
  "queryAllByDisplayValue": [Function],
  "queryAllByLabelText": [Function],
  "queryAllByPlaceholderText": [Function],
  "queryAllByRole": [Function],
  "queryAllByTestId": [Function],
  "queryAllByText": [Function],
  "queryAllByTitle": [Function],
  "queryByAltText": [Function],
  "queryByDisplayValue": [Function],
  "queryByLabelText": [Function],
  "queryByPlaceholderText": [Function],
  "queryByRole": [Function],
  "queryByTestId": [Function],
  "queryByText": [Function],
  "queryByTitle": [Function],
  "rerender": [Function],
  "unmount": [Function],
}
`;
