// Jest Snapshot v1, https://goo.gl/fbAQLP

exports[`should render dashboard page correctly 1`] = `
<div
  className="dashboard-layout"
>
  <div
    className="content-container"
  >
    <[object Object] />
  </div>
  <[object Object] />
</div>
`;
