// Jest Snapshot v1, https://goo.gl/fbAQLP

exports[`should render EntryForm with entry data passed down as prop 1`] = `
<Provider
  store={
    Object {
      "clearActions": [Function],
      "dispatch": [Function],
      "getActions": [Function],
      "getState": [Function],
      "replaceReducer": [Function],
      "subscribe": [Function],
    }
  }
>
  <Component
    selectedEntry={
      Object {
        "createdAt": 0,
        "entryText": "This is an entry",
        "id": "1",
        "title": "",
      }
    }
  >
    <Modal
      ariaHideApp={false}
      bodyOpenClassName="ReactModal__Body--open"
      className="modal"
      closeTimeoutMS={300}
      contentLabel="Entry View"
      isOpen={false}
      onRequestClose={undefined}
      parentSelector={[Function]}
      portalClassName="ReactModalPortal"
      role="dialog"
      shouldCloseOnEsc={true}
      shouldCloseOnOverlayClick={true}
      shouldFocusAfterRender={true}
      shouldReturnFocusAfterClose={true}
    >
      <Portal
        containerInfo={
          <div
            class="ReactModalPortal"
          />
        }
      >
        <ModalPortal
          ariaHideApp={false}
          bodyOpenClassName="ReactModal__Body--open"
          className="modal"
          closeTimeoutMS={300}
          contentLabel="Entry View"
          defaultStyles={
            Object {
              "content": Object {
                "WebkitOverflowScrolling": "touch",
                "background": "#fff",
                "border": "1px solid #ccc",
                "borderRadius": "4px",
                "bottom": "40px",
                "left": "40px",
                "outline": "none",
                "overflow": "auto",
                "padding": "20px",
                "position": "absolute",
                "right": "40px",
                "top": "40px",
              },
              "overlay": Object {
                "backgroundColor": "rgba(255, 255, 255, 0.75)",
                "bottom": 0,
                "left": 0,
                "position": "fixed",
                "right": 0,
                "top": 0,
              },
            }
          }
          isOpen={false}
          onRequestClose={undefined}
          parentSelector={[Function]}
          portalClassName="ReactModalPortal"
          role="dialog"
          shouldCloseOnEsc={true}
          shouldCloseOnOverlayClick={true}
          shouldFocusAfterRender={true}
          shouldReturnFocusAfterClose={true}
          style={
            Object {
              "content": Object {},
              "overlay": Object {},
            }
          }
        />
      </Portal>
    </Modal>
  </Component>
</Provider>
`;

exports[`should render EntryModal correctly 1`] = `
Object {
  "asFragment": [Function],
  "baseElement": <body>
    <div />
    <div
      class="ReactModalPortal"
    />
  </body>,
  "container": <div />,
  "debug": [Function],
  "findAllByAltText": [Function],
  "findAllByDisplayValue": [Function],
  "findAllByLabelText": [Function],
  "findAllByPlaceholderText": [Function],
  "findAllByRole": [Function],
  "findAllByTestId": [Function],
  "findAllByText": [Function],
  "findAllByTitle": [Function],
  "findByAltText": [Function],
  "findByDisplayValue": [Function],
  "findByLabelText": [Function],
  "findByPlaceholderText": [Function],
  "findByRole": [Function],
  "findByTestId": [Function],
  "findByText": [Function],
  "findByTitle": [Function],
  "getAllByAltText": [Function],
  "getAllByDisplayValue": [Function],
  "getAllByLabelText": [Function],
  "getAllByPlaceholderText": [Function],
  "getAllByRole": [Function],
  "getAllByTestId": [Function],
  "getAllByText": [Function],
  "getAllByTitle": [Function],
  "getByAltText": [Function],
  "getByDisplayValue": [Function],
  "getByLabelText": [Function],
  "getByPlaceholderText": [Function],
  "getByRole": [Function],
  "getByTestId": [Function],
  "getByText": [Function],
  "getByTitle": [Function],
  "queryAllByAltText": [Function],
  "queryAllByDisplayValue": [Function],
  "queryAllByLabelText": [Function],
  "queryAllByPlaceholderText": [Function],
  "queryAllByRole": [Function],
  "queryAllByTestId": [Function],
  "queryAllByText": [Function],
  "queryAllByTitle": [Function],
  "queryByAltText": [Function],
  "queryByDisplayValue": [Function],
  "queryByLabelText": [Function],
  "queryByPlaceholderText": [Function],
  "queryByRole": [Function],
  "queryByTestId": [Function],
  "queryByText": [Function],
  "queryByTitle": [Function],
  "rerender": [Function],
  "unmount": [Function],
}
`;
