// Jest Snapshot v1, https://goo.gl/fbAQLP

exports[`should render EntryListFilters correctly 1`] = `
<div>
  <input
    autoFocus={true}
    className="search-bar"
    onChange={[Function]}
    placeholder="Search entries"
    type="text"
    value=""
  />
</div>
`;
