// Jest Snapshot v1, https://goo.gl/fbAQLP

exports[`should render login page correctly 1`] = `
<div
  className="box-layout"
>
  <div
    className="box-layout__box"
  >
    <h1
      className="box-layout__title"
    >
      Meditation Journal
    </h1>
    <p>
      A simple app to journal your experience of meditation
    </p>
    <div
      className="login-button-container"
    >
      <button
        className="button button--login-google"
      >
        Login with Google
      </button>
    </div>
  </div>
</div>
`;
